#
# There is insufficient memory for the Java Runtime Environment to continue.
# Native memory allocation (malloc) failed to allocate 1048576 bytes for AllocateHeap
# Possible reasons:
#   The system is out of physical RAM or swap space
#   The process is running with CompressedOops enabled, and the Java Heap may be blocking the growth of the native heap
# Possible solutions:
#   Reduce memory load on the system
#   Increase physical memory or swap space
#   Check if swap backing store is full
#   Decrease Java heap size (-Xmx/-Xms)
#   Decrease number of Java threads
#   Decrease Java thread stack sizes (-Xss)
#   Set larger code cache with -XX:ReservedCodeCacheSize=
#   JVM is running with Unscaled Compressed Oops mode in which the Java heap is
#     placed in the first 4GB address space. The Java Heap base address is the
#     maximum limit for the native heap growth. Please use -XX:HeapBaseMinAddress
#     to set the Java Heap base and to place the Java Heap above 4GB virtual address.
# This output file may be truncated or incomplete.
#
#  Out of Memory Error (./open/src/hotspot/share/memory/allocation.cpp:44), pid=24628, tid=26572
#
# JRE version:  (15.0.2+7) (build )
# Java VM: OpenJDK 64-Bit Server VM (15.0.2+7-27, mixed mode, sharing, tiered, compressed oops, g1 gc, windows-amd64)
# No core dump will be written. Minidumps are not enabled by default on client versions of Windows
#

---------------  S U M M A R Y ------------

Command Line: -Dfile.encoding=Cp1252 -XX:+ShowCodeDetailsInExceptionMessages cmsc433.Simulation

Host: AMD Ryzen 5 2500U with Radeon Vega Mobile Gfx  , 8 cores, 6G,  Windows 10 , 64 bit Build 19041 (10.0.19041.804)
Time: Sun Feb 21 02:50:24 2021 Eastern Standard Time elapsed time: 0.028370 seconds (0d 0h 0m 0s)

---------------  T H R E A D  ---------------

Current thread (0x000002a6a6d20360):  JavaThread "Unknown thread" [_thread_in_vm, id=26572, stack(0x000000ecb2d00000,0x000000ecb2e00000)]

Stack: [0x000000ecb2d00000,0x000000ecb2e00000]
Native frames: (J=compiled Java code, j=interpreted, Vv=VM code, C=native code)
V  [jvm.dll+0x62ae9a]
V  [jvm.dll+0x7817a9]
V  [jvm.dll+0x782f03]
V  [jvm.dll+0x783563]
V  [jvm.dll+0x216325]
V  [jvm.dll+0x8ebb2]
V  [jvm.dll+0x2a2604]
V  [jvm.dll+0x75e20c]
V  [jvm.dll+0x3341c4]
V  [jvm.dll+0x73e926]
V  [jvm.dll+0x3b7557]
V  [jvm.dll+0x3b8fe1]
C  [jli.dll+0x52fb]
C  [ucrtbase.dll+0x21bb2]
C  [KERNEL32.DLL+0x17034]
C  [ntdll.dll+0x4d241]


---------------  P R O C E S S  ---------------

Threads class SMR info:
_java_thread_list=0x00007fffdb334ff0, length=0, elements={
}

Java Threads: ( => current thread )

Other Threads:

=>0x000002a6a6d20360 (exited) JavaThread "Unknown thread" [_thread_in_vm, id=26572, stack(0x000000ecb2d00000,0x000000ecb2e00000)]

Threads with active compile tasks:

VM state: not at safepoint (not fully initialized)

VM Mutex/Monitor currently owned by a thread: None

Heap address: 0x0000000000000000, size: 0 MB, Compressed Oops mode: 32-bit
CDS archive(s) mapped at: [0x0000000000000000-0x0000000000000000-0x0000000000000000), size 0, SharedBaseAddress: 0x0000000800000000, ArchiveRelocationMode: 0.
Narrow klass base: 0x0000000000000000, Narrow klass shift: 0, Narrow klass range: 0x0

GC Heap History (0 events):
No events

Deoptimization events (0 events):
No events

Classes unloaded (0 events):
No events

Classes redefined (0 events):
No events

Internal exceptions (0 events):
No events

Events (1 events):
Event: 0.017 Loaded shared library C:\Users\minh8\.p2\pool\plugins\org.eclipse.justj.openjdk.hotspot.jre.full.win32.x86_64_15.0.2.v20210201-0955\jre\bin\java.dll


Dynamic libraries:
0x00007ff768940000 - 0x00007ff76894d000 	C:\Users\minh8\.p2\pool\plugins\org.eclipse.justj.openjdk.hotspot.jre.full.win32.x86_64_15.0.2.v20210201-0955\jre\bin\javaw.exe
0x00007ff8547d0000 - 0x00007ff8549c6000 	C:\WINDOWS\SYSTEM32\ntdll.dll
0x00007ff8544f0000 - 0x00007ff8545ad000 	C:\WINDOWS\System32\KERNEL32.DLL
0x00007ff8520b0000 - 0x00007ff852379000 	C:\WINDOWS\System32\KERNELBASE.dll
0x00007ff852380000 - 0x00007ff852480000 	C:\WINDOWS\System32\ucrtbase.dll
0x00007ff84f3c0000 - 0x00007ff84f3d9000 	C:\Users\minh8\.p2\pool\plugins\org.eclipse.justj.openjdk.hotspot.jre.full.win32.x86_64_15.0.2.v20210201-0955\jre\bin\VCRUNTIME140.dll
0x00007ff84f260000 - 0x00007ff84f278000 	C:\Users\minh8\.p2\pool\plugins\org.eclipse.justj.openjdk.hotspot.jre.full.win32.x86_64_15.0.2.v20210201-0955\jre\bin\jli.dll
0x00007ff853a40000 - 0x00007ff853be0000 	C:\WINDOWS\System32\USER32.dll
0x00007ff852480000 - 0x00007ff8524a2000 	C:\WINDOWS\System32\win32u.dll
0x00007ff8512c0000 - 0x00007ff85155b000 	C:\WINDOWS\WinSxS\amd64_microsoft.windows.common-controls_6595b64144ccf1df_6.0.19041.746_none_ca02b4b61b8320a4\COMCTL32.dll
0x00007ff854690000 - 0x00007ff8546ba000 	C:\WINDOWS\System32\GDI32.dll
0x00007ff852f30000 - 0x00007ff852fce000 	C:\WINDOWS\System32\msvcrt.dll
0x00007ff851f10000 - 0x00007ff85201b000 	C:\WINDOWS\System32\gdi32full.dll
0x00007ff852560000 - 0x00007ff8525fd000 	C:\WINDOWS\System32\msvcp_win.dll
0x00007ff854460000 - 0x00007ff854490000 	C:\WINDOWS\System32\IMM32.DLL
0x00007ff846450000 - 0x00007ff84645c000 	C:\Users\minh8\.p2\pool\plugins\org.eclipse.justj.openjdk.hotspot.jre.full.win32.x86_64_15.0.2.v20210201-0955\jre\bin\vcruntime140_1.dll
0x00007ff827640000 - 0x00007ff8276d1000 	C:\Users\minh8\.p2\pool\plugins\org.eclipse.justj.openjdk.hotspot.jre.full.win32.x86_64_15.0.2.v20210201-0955\jre\bin\msvcp140.dll
0x00007fffda870000 - 0x00007fffdb3ce000 	C:\Users\minh8\.p2\pool\plugins\org.eclipse.justj.openjdk.hotspot.jre.full.win32.x86_64_15.0.2.v20210201-0955\jre\bin\server\jvm.dll
0x00007ff852c40000 - 0x00007ff852cec000 	C:\WINDOWS\System32\ADVAPI32.dll
0x00007ff853570000 - 0x00007ff85360c000 	C:\WINDOWS\System32\sechost.dll
0x00007ff852fd0000 - 0x00007ff8530fb000 	C:\WINDOWS\System32\RPCRT4.dll
0x00007ff853640000 - 0x00007ff853648000 	C:\WINDOWS\System32\PSAPI.DLL
0x00007ff84a290000 - 0x00007ff84a29a000 	C:\WINDOWS\SYSTEM32\VERSION.dll
0x00007ff8450b0000 - 0x00007ff8450d7000 	C:\WINDOWS\SYSTEM32\WINMM.dll
0x00007ff84a530000 - 0x00007ff84a539000 	C:\WINDOWS\SYSTEM32\WSOCK32.dll
0x00007ff8543f0000 - 0x00007ff85445b000 	C:\WINDOWS\System32\WS2_32.dll
0x00007ff850150000 - 0x00007ff850162000 	C:\WINDOWS\SYSTEM32\kernel.appcore.dll
0x00007ff840690000 - 0x00007ff84069a000 	C:\Users\minh8\.p2\pool\plugins\org.eclipse.justj.openjdk.hotspot.jre.full.win32.x86_64_15.0.2.v20210201-0955\jre\bin\jimage.dll
0x00007ff851830000 - 0x00007ff851a14000 	C:\WINDOWS\SYSTEM32\DBGHELP.DLL
0x00007ff83cb50000 - 0x00007ff83cb7c000 	C:\WINDOWS\SYSTEM32\dbgcore.DLL
0x00007ff852600000 - 0x00007ff852680000 	C:\WINDOWS\System32\bcryptPrimitives.dll
0x00007ff83a7d0000 - 0x00007ff83a7f5000 	C:\Users\minh8\.p2\pool\plugins\org.eclipse.justj.openjdk.hotspot.jre.full.win32.x86_64_15.0.2.v20210201-0955\jre\bin\java.dll

dbghelp: loaded successfully - version: 4.0.5 - missing functions: none
symbol engine: initialized successfully - sym options: 0x614 - pdb path: .;C:\Users\minh8\.p2\pool\plugins\org.eclipse.justj.openjdk.hotspot.jre.full.win32.x86_64_15.0.2.v20210201-0955\jre\bin;C:\WINDOWS\SYSTEM32;C:\WINDOWS\WinSxS\amd64_microsoft.windows.common-controls_6595b64144ccf1df_6.0.19041.746_none_ca02b4b61b8320a4;C:\Users\minh8\.p2\pool\plugins\org.eclipse.justj.openjdk.hotspot.jre.full.win32.x86_64_15.0.2.v20210201-0955\jre\bin\server

VM Arguments:
jvm_args: -Dfile.encoding=Cp1252 -XX:+ShowCodeDetailsInExceptionMessages 
java_command: cmsc433.Simulation
java_class_path (initial): C:\Users\minh8\OneDrive\Desktop\CMSC433\p2-student\p2-student\bin;C:\Users\minh8\.p2\pool\plugins\org.junit_4.13.0.v20200204-1500.jar;C:\Users\minh8\.p2\pool\plugins\org.hamcrest.core_1.3.0.v20180420-1519.jar
Launcher Type: SUN_STANDARD

[Global flags]
     intx CICompilerCount                          = 4                                         {product} {ergonomic}
     uint ConcGCThreads                            = 2                                         {product} {ergonomic}
     uint G1ConcRefinementThreads                  = 8                                         {product} {ergonomic}
   size_t G1HeapRegionSize                         = 1048576                                   {product} {ergonomic}
    uintx GCDrainStackTargetSize                   = 64                                        {product} {ergonomic}
   size_t InitialHeapSize                          = 117440512                                 {product} {ergonomic}
   size_t MarkStackSize                            = 4194304                                   {product} {ergonomic}
   size_t MaxHeapSize                              = 1851785216                                {product} {ergonomic}
   size_t MinHeapDeltaBytes                        = 1048576                                   {product} {ergonomic}
   size_t MinHeapSize                              = 8388608                                   {product} {ergonomic}
    uintx NonNMethodCodeHeapSize                   = 5839372                                {pd product} {ergonomic}
    uintx NonProfiledCodeHeapSize                  = 122909434                              {pd product} {ergonomic}
    uintx ProfiledCodeHeapSize                     = 122909434                              {pd product} {ergonomic}
    uintx ReservedCodeCacheSize                    = 251658240                              {pd product} {ergonomic}
     bool SegmentedCodeCache                       = true                                      {product} {ergonomic}
     bool ShowCodeDetailsInExceptionMessages       = true                                   {manageable} {command line}
   size_t SoftMaxHeapSize                          = 1851785216                             {manageable} {ergonomic}
     bool UseCompressedClassPointers               = true                                 {lp64_product} {ergonomic}
     bool UseCompressedOops                        = true                                 {lp64_product} {ergonomic}
     bool UseG1GC                                  = true                                      {product} {ergonomic}
     bool UseLargePagesIndividualAllocation        = false                                  {pd product} {ergonomic}

Logging:
Log output configuration:
 #0: stdout all=warning uptime,level,tags
 #1: stderr all=off uptime,level,tags

Environment Variables:
PATH=C:/Users/minh8/.p2/pool/plugins/org.eclipse.justj.openjdk.hotspot.jre.full.win32.x86_64_15.0.2.v20210201-0955/jre/bin/server;C:/Users/minh8/.p2/pool/plugins/org.eclipse.justj.openjdk.hotspot.jre.full.win32.x86_64_15.0.2.v20210201-0955/jre/bin;C:\Program Files\Common Files\Oracle\Java\javapath;C:\Program Files (x86)\Razer Chroma SDK\bin;C:\Program Files\Razer Chroma SDK\bin;C:\Program Files (x86)\Razer\ChromaBroadcast\bin;C:\Program Files\Razer\ChromaBroadcast\bin;C:\Program Files (x86)\Common Files\Oracle\Java\javapath;C:\WINDOWS\system32;C:\WINDOWS;C:\WINDOWS\System32\Wbem;C:\WINDOWS\System32\WindowsPowerShell\v1.0\;C:\WINDOWS\System32\OpenSSH\;C:\WINDOWS\system32\config\systemprofile\AppData\Local\Microsoft\WindowsApps;C:\WINDOWS\system32;C:\WINDOWS;C:\WINDOWS\System32\Wbem;C:\WINDOWS\System32\WindowsPowerShell\v1.0\;C:\WINDOWS\System32\OpenSSH\;C:\Program Files\Git\cmd;C:\Program Files (x86)\Java\jre1.8.0_241\bin;C:\Program Files (x86)\Java\jre1.8.0_241\bin;C:\WINDOWS\system32;
USERNAME=minh8
OS=Windows_NT
PROCESSOR_IDENTIFIER=AMD64 Family 23 Model 17 Stepping 0, AuthenticAMD



---------------  S Y S T E M  ---------------

OS:
 Windows 10 , 64 bit Build 19041 (10.0.19041.804)
OS uptime: 2 days 13:51 hours
HyperV virtualization detected

CPU: total 8 (initial active 8) (8 cores per cpu, 2 threads per core) family 23 model 17 stepping 0 microcode 0x0, cmov, cx8, fxsr, mmx, sse, sse2, sse3, ssse3, sse4.1, sse4.2, popcnt, vzeroupper, avx, avx2, aes, clmul, 3dnowpref, lzcnt, sse4a, ht, tsc, tscinvbit, tscinv, bmi1, bmi2, adx, sha, fma, clflush, clflushopt

Memory: 4k page, system-wide physical 7059M (1114M free)
TotalPageFile size 22164M (AvailPageFile size 6M)
current process WorkingSet (physical memory assigned to process): 9M, peak: 9M
current process commit charge ("private bytes"): 11M, peak: 11M

vm_info: OpenJDK 64-Bit Server VM (15.0.2+7-27) for windows-amd64 JRE (15.0.2+7-27), built on Dec  7 2020 20:02:38 by "mach5one" with unknown MS VC++:1925

END.
